C51 COMPILER V9.60.0.0   MAIN                                                              05/10/2021 21:01:37 PAGE 1   


C51 COMPILER V9.60.0.0, COMPILATION OF MODULE MAIN
OBJECT MODULE PLACED IN .\Objects\main.obj
COMPILER INVOKED BY: D:\Software\Keil_v5\C51\BIN\C51.EXE main.c OPTIMIZE(8,SPEED) BROWSE DEBUG OBJECTEXTEND PRINT(.\List
                    -ings\main.lst) OBJECT(.\Objects\main.obj)

line level    source

   1          #include <REGX52.H>
   2          #include "LCD12864.h"
   3          #include "MatrixKey.h"
   4          #include "Timer.h"
   5          
   6          void main(void){
   7   1          unsigned char key = 0;
   8   1              //init
   9   1          Timer0_Init();
  10   1          LCD12864_Init();
  11   1          //
  12   1          while(1){
  13   2              //key = MatrixKey();
  14   2              LCD12864_ShowNum(1,1,key,2);
  15   2          }
  16   1      }
  17          
  18          void Timer0_Routine() interrupt 1
  19          {
  20   1              static unsigned int T0Count;
  21   1              TL0 = 0x66;             //设置定时初值
  22   1              TH0 = 0xFC;             //设置定时初值
  23   1              T0Count++;
  24   1              if(T0Count>=20)
  25   1              {
  26   2                      T0Count=0;
  27   2              MatrixKey_Loop();
  28   2              }
  29   1      }


MODULE INFORMATION:   STATIC OVERLAYABLE
   CODE SIZE        =    114    ----
   CONSTANT SIZE    =   ----    ----
   XDATA SIZE       =   ----    ----
   PDATA SIZE       =   ----    ----
   DATA SIZE        =      2       1
   IDATA SIZE       =   ----    ----
   BIT SIZE         =   ----    ----
END OF MODULE INFORMATION.


C51 COMPILATION COMPLETE.  0 WARNING(S),  0 ERROR(S)
